// Jest Snapshot v1, https://goo.gl/fbAQLP

exports[`AddNote component renders the complete form 1`] = `
<ContextConsumer>
  <Component />
</ContextConsumer>
`;
